####### 2020-02-26 15:52:05 #######
$ echo $PWD
/var/www/html/github
$ whoami
apache
$ git pull
From https://github.com/dinesh-sudo/test
   fc0db22..1225ead  master     -> origin/master
Updating fc0db22..1225ead
Fast-forward
 index.html | 3 ++-
 1 file changed, 2 insertions(+), 1 deletion(-)
$ git status
On branch master
Your branch is up to date with 'origin/master'.

Changes not staged for commit:
  (use "git add/rm <file>..." to update what will be committed)
  (use "git restore <file>..." to discard changes in working directory)
	deleted:    a
	deleted:    b
	deleted:    c
	modified:   deploy.php

no changes added to commit (use "git add" and/or "git commit -a")
$ git submodule sync

$ git submodule update

$ git submodule status

$ test -e /usr/share/update-notifier/notify-reboot-required && echo "system restart required"


